== width 80 ==
●  <c>func main() {</>░░░░░░░░░░░░░░░░░░░░░░░░░░░░░░░░░░░░░░░░░░░░░░░░░░░░░░░░░░░░░░░░
   <c>    fmt.Println("hi") // a comment</>░░░░░░░░░░░░░░░░░░░░░░░░░░░░░░░░░░░░░░░░░░░
   <c>}</>░░░░░░░░░░░░░░░░░░░░░░░░░░░░░░░░░░░░░░░░░░░░░░░░░░░░░░░░░░░░░░░░░░░░░░░░░░░░

   <c>some code</>░░░░░░░░░░░░░░░░░░░░░░░░░░░░░░░░░░░░░░░░░░░░░░░░░░░░░░░░░░░░░░░░░░░░

   <c>no language here</>░░░░░░░░░░░░░░░░░░░░░░░░░░░░░░░░░░░░░░░░░░░░░░░░░░░░░░░░░░░░░

   <c>indented code</>░░░░░░░░░░░░░░░░░░░░░░░░░░░░░░░░░░░░░░░░░░░░░░░░░░░░░░░░░░░░░░░░
   <c>second line</>░░░░░░░░░░░░░░░░░░░░░░░░░░░░░░░░░░░░░░░░░░░░░░░░░░░░░░░░░░░░░░░░░░

   <c></>░░░░░░░░░░░░░░░░░░░░░░░░░░░░░░░░░░░░░░░░░░░░░░░░░░░░░░░░░░░░░░░░░░░░░░░░░░░░░

   <c>def f():</>░░░░░░░░░░░░░░░░░░░░░░░░░░░░░░░░░░░░░░░░░░░░░░░░░░░░░░░░░░░░░░░░░░░░░
   <c>    return 1</>░░░░░░░░░░░░░░░░░░░░░░░░░░░░░░░░░░░░░░░░░░░░░░░░░░░░░░░░░░░░░░░░░
== width 40 ==
●  <c>func main() {</>░░░░░░░░░░░░░░░░░░░░░░░░
   <c>    fmt.Println("hi") // a comment</>░░░
   <c>}</>░░░░░░░░░░░░░░░░░░░░░░░░░░░░░░░░░░░░

   <c>some code</>░░░░░░░░░░░░░░░░░░░░░░░░░░░░

   <c>no language here</>░░░░░░░░░░░░░░░░░░░░░

   <c>indented code</>░░░░░░░░░░░░░░░░░░░░░░░░
   <c>second line</>░░░░░░░░░░░░░░░░░░░░░░░░░░

   <c></>░░░░░░░░░░░░░░░░░░░░░░░░░░░░░░░░░░░░░

   <c>def f():</>░░░░░░░░░░░░░░░░░░░░░░░░░░░░░
   <c>    return 1</>░░░░░░░░░░░░░░░░░░░░░░░░░
== width 20 ==
●  <c>func main() {</>░░░░
   <c>    fmt.Println("</>
   <c>}</>░░░░░░░░░░░░░░░░

   <c>some code</>░░░░░░░░

   <c>no language here</>░

   <c>indented code</>░░░░
   <c>second line</>░░░░░░

   <c></>░░░░░░░░░░░░░░░░░

   <c>def f():</>░░░░░░░░░
   <c>    return 1</>░░░░░
