== width 80 ==
● <h1>PLAN</>

  <h2>Second level with </><h2><c>code</></>

  <h>Third</>

  <h>Fourth</>

  <h1>SETEXT HEADING</>

  <h2>Another one</>

  Text after.
== width 40 ==
● <h1>PLAN</>

  <h2>Second level with </><h2><c>code</></>

  <h>Third</>

  <h>Fourth</>

  <h1>SETEXT HEADING</>

  <h2>Another one</>

  Text after.
== width 20 ==
● <h1>PLAN</>

  <h2>Second level with</>
  <h2></><h2><c>code</></>

  <h>Third</>

  <h>Fourth</>

  <h1>SETEXT HEADING</>

  <h2>Another one</>

  Text after.
