== width 80 ==
● <d>“ </><d><i>A quote with </></><d><i><b>bold</></></><d><i> text, and a second sentence that is long enough to wrap.</></>

    <d>•</> <d><i>a list in a quote</></>
    <d>•</> <d><i>second</></>

    <d>“ </><d><i>a nested quote</></><d> ”</>

     <c>echo hi</>                                                                 <d>sh</>
    <d>”</>

  <d>“ </><d><i>panic: send on closed channel</></>
    <d><i>goroutine 41 [running]: bubble.(*Model).deliver(…) model.go:212</></><d> ”</>
== width 40 ==
● <d>“ </><d><i>A quote with </></><d><i><b>bold</></></><d><i> text, and a second</>
    <d><i>sentence that is long enough to</>
    <d><i>wrap.</></>

    <d>•</> <d><i>a list in a quote</></>
    <d>•</> <d><i>second</></>

    <d>“ </><d><i>a nested quote</></><d> ”</>

     <c>echo hi</>                         <d>sh</>
    <d>”</>

  <d>“ </><d><i>panic: send on closed channel</></>
    <d><i>goroutine 41 [running]:</>
    <d><i>bubble.(*Model).deliver(…)</>
    <d><i>model.go:212</></><d> ”</>
== width 20 ==
● <d>“ </><d><i>A quote with</>
    <d><i></></><d><i><b>bold</></></><d><i> text, and a</>
    <d><i>second sentence</>
    <d><i>that is long</>
    <d><i>enough to wrap.</></>

    <d>•</> <d><i>a list in a</>
      <d><i>quote</></>
    <d>•</> <d><i>second</></>

    <d>“ </><d><i>a nested quote</></>
      <d>”</>

     <c>echo hi</>     <d>sh</>
    <d>”</>

  <d>“ </><d><i>panic: send on</>
    <d><i>closed channel</></>
    <d><i>goroutine 41</>
    <d><i>[running]:</>
    <d><i>bubble.(*Model).</>
    <d><i>deliver(…)</>
    <d><i>model.go:212</></><d> ”</>
