== width 80 ==
● See the guide <d>(https://example.com/guide)</> and the spec
  <d>(https://spec.commonmark.org)</>.

  Some text between.
== width 40 ==
● See the guide
  <d>(https://example.com/guide)</> and the
  spec <d>(https://spec.commonmark.org)</>.

  Some text between.
== width 20 ==
● See the guide
  <d>(https://example.c</>
  <d>om/guide)</> and the
  spec
  <d>(https://spec.comm</>
  <d>onmark.org)</>.

  Some text between.
