idle, off:
 gpt-6-sol high · workspace mode · /workspace/proj                      ctrl+t details · / commands
 uah · 3f2a1b2c · openai-codex/gpt-6-sol · high · workspace mode · /workspace/proj             idle
idle, 1 step:
 gpt-6-sol high↓ · workspace mode · /workspace/proj                     ctrl+t details · / commands
 uah · 3f2a1b2c · openai-codex/gpt-6-sol · high↓ · workspace mode · /workspace/proj            idle
idle, 2 steps:
 gpt-6-sol high⇊ · workspace mode · /workspace/proj                     ctrl+t details · / commands
 uah · 3f2a1b2c · openai-codex/gpt-6-sol · high⇊ · workspace mode · /workspace/proj            idle
working, off:
 gpt-6-sol high · workspace mode · /workspace/proj                         enter after tool · alt+enter now · tab later
 uah · 3f2a1b2c · openai-codex/gpt-6-sol · high · workspace mode · /workspace/proj                       ● running 0:00
working, 1 step, a follow-up:
 gpt-6-sol high→medium · workspace mode · /workspace/proj                  enter after tool · alt+enter now · tab later
 uah · 3f2a1b2c · openai-codex/gpt-6-sol · high→medium · workspace mode · /workspace/proj                ● running 0:00
working, 2 steps, a follow-up:
 gpt-6-sol high→low · workspace mode · /workspace/proj                     enter after tool · alt+enter now · tab later
 uah · 3f2a1b2c · openai-codex/gpt-6-sol · high→low · workspace mode · /workspace/proj                   ● running 0:00
working, 2 steps, a user message:
 gpt-6-sol high · workspace mode · /workspace/proj                         enter after tool · alt+enter now · tab later
 uah · 3f2a1b2c · openai-codex/gpt-6-sol · high · workspace mode · /workspace/proj                       ● running 0:00
working, 2 steps, a follow-up, narrow:
 gpt-6-sol high→low · workspace mode · /workspace… enter after tool · alt+enter now · tab later
 uah · 3f2a1b2c · openai-codex/gpt-6-sol · high→low · workspace mode · /workspa… ● running 0:00
idle, 2 steps, narrow:
 gpt-6-sol… ctrl+t details · / commands
 uah · 3f2a1b2c · openai-codex/gp… idle
