








╭────────────────────────────────────────────────╮
│ λ uah                                          │
│                                                │
│ model:     gpt-6-sol high   /model to change   │
│ directory: /workspace/proj                     │
╰────────────────────────────────────────────────╯

  AGENT Ada  0s
    └ ⠋ thinking
  AGENT Rex reviewer  done


λ

 gpt-6-sol high · /workspace/proj                                       ctrl+t details · / commands
