 uah · 3f2a1b2c · openai-codex/gpt-6-sol · high · sandbox workspace-write · /workspace/proj    idle














  AGENT Ada  0s
    └ ⠋ thinking
  AGENT Rex reviewer  done
      ✓ Bash  go test ./...  exit 0 · 2.0s


λ

 0 in (0 cached) · 0 out · 0 runs · 0 tools (∥0)           enter send · ctrl+enter now · / commands
