
















 Run this command?
 $ git push origin main
   y  Yes, proceed
   n  No, and tell the agent what to do differently (esc)
────────────────────────────────────────────────────────────────────────────────────────────────────
›
 gpt-6-sol · high · /workspace/proj                                     ctrl+t details · / commands
