 uah · 3f2a1b2c · openai-codex/gpt-6-sol · high · sandbox workspace-write · /workspace/proj    idle








› Run `ls` and `cat a.txt`, then reply with the file contents.
── run 20260924-120000-3f2a1b2c · ok · 5.2s · 1.2k tokens ──────────────────────────────────────────
  turn 1  526 in · 50 out · 2.4s
  ✓ Bash  ls  exit 0 · 0.1s
  ✓ Bash  cat a.txt  exit 0 · 0.1s
  turn 2  601 in · 5 out · 2.7s

● answer
  hello
  i Compacting the context (automatic: the context is nearly full)
  i Context compacted; your messages stay as written
  i summary: Listed the files and read a.txt.
────────────────────────────────────────────────────────────────────────────────────────────────────
›
 1.1k in (0 cached) · 55 out · 1 run · 2 tools (∥2) · overlap 0%
