

╭────────────────────────────────────────────────╮
│ λ uah                                          │
│                                                │
│ model:     gpt-6-sol high   /model to change   │
│ directory: /workspace/proj                     │
╰────────────────────────────────────────────────╯



λ Run `ls` and `cat a.txt`, then reply with the file contents.

  RAN          ls
  RAN          cat a.txt

• hello

  12:00 AM · worked 5s


λ

 gpt-6-sol high · /workspace/proj                    35% context left · ctrl+t details · / commands
