  · · · · · · · · · ·   ● Instructions: 2.0k tokens (0.7%)
  · · · · · · · · · ·   ● Skills: 1.0k tokens (0.4%)
  · · · · · · · · · ·   ● Tools: 8.0k tokens (3%)
  · · · · · · · · · ·   ● Your messages: 2.0k tokens (0.7%)
  · · · · · · · · · ·   ● Agent messages: 5.0k tokens (2%)
  · · · · · · · · · ·   ● Tool calls and results: 20.0k tokens (7%)
  ○ ○ ○ ○ ○ ○ ○ ○ ○ ○   · Free space: 203.8k tokens (75%)
                        ○ Auto-compact buffer: 27.2k tokens (10%)

  Instructions
  └ AGENTS.md: 2.0k tokens

  Skills
  └ memoria: 600 tokens
  └ go: 400 tokens

  Tools
  └ Bash: 5.0k tokens
  └ Read: 3.0k tokens


λ

 gpt-6-sol high · workspace mode · /workspace/proj                      ctrl+t details · / commands
