















› Run `ls` and `cat a.txt`, then reply with the file contents.
• Ran ls
• Ran cat a.txt

● hello
────────────────────────────────────────────────────────────────────────────────────────────────────
›
 gpt-6-sol · high · /workspace/proj                                     ctrl+t details · / commands
