
╭────────────────────────────────────────────────╮
│ λ uah                                          │
│                                                │
│ model:     gpt-6-sol high   /model to change   │
│ directory: /workspace/proj                     │
╰────────────────────────────────────────────────╯


λ Fix the failing test in pkg/foo


  RAN    fail    go test ./pkg/foo  exit 1
  RUN    4s      go test ./... -run Bar
• I'll patch the fixture while the suite runs.

λ Thinking (3s · 8s • esc to interrupt)
  ↳ queued: also update the README
    enter sends now · ↑ edits


λ

 gpt-6-sol high … 100% context left · enter after tool · alt+enter now · tab after run · / commands
