













› Fix the failing test in pkg/foo
• Ran go test ./pkg/foo  exit 1
⠋ Running go test ./... -run Bar  0:04
• I'll patch the fixture while the suite runs.
⠋ Thinking 0:08 · esc to interrupt
  ↳ queued: also update the README
    ctrl+enter sends now · ↑ edits
────────────────────────────────────────────────────────────────────────────────────────────────────
›
 gpt-6-sol · high · /workspace/proj · 1 queued mes… 100% context left · ctrl+t details · / commands
