 uah · 3f2a1b2c · openai-codex/gpt-6-sol · high · sandbox workspace-write · /worksp… ● running 0:08








λ Fix the failing test in pkg/foo

── run 20260924-120000-3f2a1b2c · running 0:08 ─────────────────────────────────────────────────────
  turn 1  12.4k in · 830 out · 2.0s
  ✗ Bash  go test ./pkg/foo  exit 1 · 2.3s
  ⠋ Bash  go test ./... -run Bar  running 0:04
  · I'll patch the fixture while the suite runs.
  turn 2  ⠋ thinking 0:03
queued · sent when the agent is ready · ctrl+enter sends now · ↑ edits the last
  1. also update the README


λ

 0 in (0 cached) · 0 out · 0 runs · 0 tools (∥0) · 100% context left                     / commands
