 uah · 3f2a1b2c · openai-codex/gpt-6-sol · high · workspace mode · /workspace/proj             idle
  ✓ apply_patch  pkg/foo/foo.go, pkg/foo/doc.md  completed · 0.1s
    Edited 2 files (+11 -1)
  └ pkg/foo/foo.go (+1 -1)
    11  func Answer() int {
    12 -    return 41 // the answer
    12 +    return 42 // the answer
    13  }
  └ pkg/foo/doc.md (+10 -0)
     1 +line 1 of the notes
     2 +line 2 of the notes
     3 +line 3 of the notes
     4 +line 4 of the notes
     5 +line 5 of the notes
     6 +line 6 of the notes
     7 +line 7 of the notes
     8 +line 8 of the notes
     9 +line 9 of the notes
    10 +line 10 of the notes


λ

 0 in (0 cached) · 0 out · 1 run · 0 tools (∥0)            enter send · ctrl+enter now · / commands
