 Resume a session · all directories · tab: this directory · filter: ▏
 3f2a1b2c  12m ago    3 runs  ok          gpt-6-sol    /workspace/proj          Fix the failing tes…
 9b8c7d6e  2h ago      1 run  interrupted gpt-6-sol    /workspace/other         Summarize this proj…




















 type to filter · ↑↓ choose · enter resume · tab this directory/all · esc back
