









╭──────────────────────────────────────╮
│ λ uah                                │
│                                      │
│ model:     gpt-6-sol high   /model … │
│ directory: /workspace/proj           │
╰──────────────────────────────────────╯


λ Plan the users table migration  sendin


  ASK    12s     Migration, Rollout

λ Waiting for your answer (12s)
╭─ ? Migration · 1 of 2 ───────────────╮
│  Migration    Rollout                │
│ The users table can change three     │
│ ways. Which should the migration     │
│ take?                                │
│                                      │
│ › 1. Expand and con…  Add the new c… │
│   2. Rename in place  One migration… │
│   3. Copy and swap    Build a new t… │
│   4. Type your own …                 │
╰─ ↑↓ choose · 1-4 pick · n note · e… ─╯


λ

 gpt-6-sol high · workspace mode · /wo…
