


╭────────────────────────────────────────────────╮
│ λ uah                                          │
│                                                │
│ model:     gpt-6-sol high   /model to change   │
│ directory: /workspace/proj                     │
╰────────────────────────────────────────────────╯


λ Plan the users table migration  sending…


  ASK    9.0s    Migration, Rollout
                 Migration: Expand and contract (Recommended)
                 Rollout: None of the above · after the Friday backup

λ Working (12s • esc to interrupt)


λ

 gpt-6-sol high · workspace mode · /workspace/proj     enter after tool · alt+enter now · tab later
