








dim                   │ ╭────────────────────────────────────────────────╮
accent dim            │ │ λ uah                                          │
dim                   │ │                                                │
dim                   │ │ model:     gpt-6-sol high   /model to change   │
dim                   │ │ directory: /workspace/proj                     │
dim                   │ ╰────────────────────────────────────────────────╯


accent dim            │ λ Map how the ontology config reaches the UI.  sending…


accent                │ • I'll read the repo instructions first.
dim                   │   RAN            for p in /Users/AGENTS.md ~/AGENTS.md AGENTS.md; do [ -f "$p" ] && cat "$p"; done
dim                   │   READ           README.md, api/README.md
dim                   │   SKILL          web-architecture-patterns, go-infrastructure-patterns

dim bad               │   RAN    fail    git diff -- api/rest/server.go; diff api/rest/server.go api/rest/server.go.orig  exit 2
bad                   │                  diff: api/rest/server.go.orig: No such file or directory

dim bad comment       │   RAN    fail    python3 <<PY 3 lines · from pathlib import Path; import re,json; p=Path('api/ontol…  exit 127
bad                   │                  env: python3 -: No such file or directory

accent                │ • Now the ontology code.
dim                   │   READ           api/ontology/ontology.go:1-360, loader.go:356-365

dim                   │   RAN    3.0s    python3 perspective-research/fetch_ontology.py
notice                │                  auto-approved · medium risk · The action makes read-only requests for the dev ontology data …

dim                   │   LIST           web/src  *CI* *OUS* *Study*
dim                   │   SEARCH         RootData|ontologyVersion in api, web/src

dim                   │   MCP            docs · search  query "ontology RootData version", limit 5
comment               │                  {results, total} · 2.2 KB

dim bad               │   READ   fail    web/src/scopes/interview/externalDataAvailability.ts  exit 1
bad                   │                  cat: web/src/scopes/interview/externalDataAvailability.ts: No such file or directory

dim                   │   READ           web/src/scopes/home/CreateStudyDialog.tsx:1-160, useStudies.ts
dim                   │   SEARCH         OUS_ENABLED in web/src  no matches

dim bad               │   MCP    fail    linear · get_issue  id PER-412  401
bad                   │                  401 Unauthorized: token expired; run `uah mcp login linear`

accent                │ • The live fetch succeeded.

dim                   │   12:00 AM · worked 5s


                      │ λ

dim                   │  gpt-6-sol high · workspace mode · /workspace/proj                                ctrl+t details · / commands
