 uah · 3f2a1b2c · openai-codex/gpt-6-sol · high · workspace mode · /workspace/proj                       idle














λ Map how the ontology config reaches the UI.  sending…


── run 20260924-120000-3f2a1b2c · ok · 5.0s · 0 tokens ───────────────────────────────────────────────────────
  · I'll read the repo instructions first.
  ✓ Bash  rtk proxy sh -c 'for p in /Users/AGENTS.md /home/me/AGENTS.md /workspace/proj/AGENTS…  exit 0 · 0.0s
  ✓ Bash  rtk proxy sh -c 'cat /workspace/proj/README.md /workspace/proj/api/README.md'  exit 0 · 0.0s
  ✓ SkillUse  web-architecture-patterns  completed · 0.0s
  ✓ SkillUse  go-infrastructure-patterns  completed · 0.0s

  ✗ Bash  rtk proxy sh -c 'git -C /workspace/proj diff -- api/rest/server.go; diff /workspace/…  exit 2 · 0.0s
          diff: api/rest/server.go.orig: No such file or directory

  ✗ Bash  rtk proxy python3 - <<'PY' from pathlib import Path import re,json p=Path('/worksp…  exit 127 · 0.0s
          env: python3 -: No such file or directory

  · Now the ontology code.
  ✓ Bash  rtk proxy sh -c 'sed -n "1,360p" /workspace/proj/api/ontology/ontology.go; sed -n "3…  exit 0 · 0.0s

  ✓ Bash  rtk proxy python3 perspective-research/fetch_ontology.py  exit 0 · 3.0s
          auto-approved · medium risk · The action makes read-only requests for the dev ontology data the user
          asked for and saves a local snapshot.

  ✓ Bash  rtk proxy sh -c 'rg --files /workspace/proj/web/src -g "*CI*" -g "*OUS*" -g "*Study*…  exit 0 · 0.0s
  ✓ Bash  rtk proxy sh -c 'rg -n "RootData|ontologyVersion" /workspace/proj/api /workspace/pro…  exit 0 · 0.0s

  ✓ mcp__docs__search  {"query":"ontology RootData version","limit":5}  completed · 0.0s
                       {results, total} · 2.2 KB

  ✗ Bash  rtk proxy sh -c 'cat /workspace/proj/web/src/scopes/interview/externalDataAvailabili…  exit 1 · 0.0s
          cat: web/src/scopes/interview/externalDataAvailability.ts: No such file or directory

  ✓ Bash  rtk proxy sh -c 'cat /workspace/proj/web/src/scopes/home/CreateStudyDialog.tsx | hea…  exit 0 · 0.0s
  ✗ Bash  rg -n OUS_ENABLED /workspace/proj/web/src  exit 1 · 0.0s

  ✗ mcp__linear__get_issue  PER-412  failed · 0.0s
                            401 Unauthorized: token expired; run `uah mcp login linear`

● answer
  The live fetch succeeded.


λ

 0 in (0 cached) · 0 out · 1 run · 0 tools (∥0)                     enter send · ctrl+j new line · / commands
