
╭────────────────────────────────────────────────╮
│ λ uah                                          │
│                                                │
│ model:     gpt-6-sol high   /model to change   │
│ directory: /workspace/proj                     │
╰────────────────────────────────────────────────╯

  session 3f2a1b2c-0000-4000-8000-000000000000 · process engine · openai-codex/gpt-6-sol · effort
  high · /workspace/proj
  0 runs · 0 turns · 0 tool calls (max 0 parallel) · 0 in / 0 out tokens · tools overlapped the
  model 0s
  instructions: none
  the process engine runs without: live input, live settings, fast mode, compaction, PreCompact
  hooks, command rules, prompt rules, approvals, Auto mode, PermissionRequest hooks, PreToolUse
  hooks, MCP servers, subagents, apply_patch, Codex skills, /context
  usage · pro plan
  weekly [███████████████░░░░░] 78% left (resets 15:00 on 26 Sep)
  ! Heads up, you have less than 10% of your weekly limit left (resets 15:00 on 26 Sep)


λ

 gpt-6-sol high · workspace mode · /workspace/proj     weekly 9% left · ctrl+t details · / commands
