patch     60 │λ Writing a patch · …/dispositions.md · 9.2 … (29s · 1m 49s)
patch     80 │λ Writing a patch · …/dispositions.md · 9.2 kB (29s · 1m 49s • esc to interrupt)
patch    120 │λ Writing a patch · …/northwind/artifacts/release-0.8.0-run/dispositions.md · 9.2 kB (29s · 1m 49s • esc to interrupt)
hook      60 │λ Running PreToolUse hook · go test -race -c… (27s · 1m 49s)
hook      80 │λ Running PreToolUse hook · go test -race -count=1 -run 'TestWai… (27s · 1m 49s)
hook     120 │λ Running PreToolUse hook · go test -race -count=1 -run 'TestWaitLine|TestScreen' ./internal/tui/render/… (27s · 1m 49s)
approval  60 │λ Waiting for approval · go test -race -coun… (27s · 1m 49s)
approval  80 │λ Waiting for approval · go test -race -count=1 -run 'TestWaitLi… (27s · 1m 49s)
approval 120 │λ Waiting for approval · go test -race -count=1 -run 'TestWaitLine|TestScreen' ./internal/tui/render/...… (27s · 1m 49s)
answer    60 │λ Waiting for your answer (27s · 1m 49s • esc to interrupt)
answer    80 │λ Waiting for your answer (27s · 1m 49s • esc to interrupt)
answer   120 │λ Waiting for your answer (27s · 1m 49s • esc to interrupt)
