00:00:00.252 done  ✓ read_file ok · 1432 bytes · 219ms
00:00:00.259 tool  ▶ grep path=internal/pkg37/file_00037.go lines=37-77
00:00:00.266 done  ✓ edit_file ok · 1506 bytes · 245ms
00:00:00.273 tool  ▶ bash path=internal/pkg39/file_00039.go lines=39-79
00:00:00.280 text  assistant: turn 4 — looking at the failing test in internal/svc40 before editing
00:00:00.287 tool  ▶ web_fetch path=internal/pkg41/file_00041.go lines=41-81
00:00:00.294 done  ✓ read_file ok · 1654 bytes · 47ms
00:00:00.301 tool  ▶ grep path=internal/pkg43/file_00043.go lines=43-83
00:00:00.308 done  ✓ edit_file ok · 1728 bytes · 73ms
00:00:00.315 tool  ▶ bash path=internal/pkg45/file_00045.go lines=45-85
00:00:00.322 done  ✓ list_dir ok · 1802 bytes · 99ms
00:00:00.329 tool  ▶ web_fetch path=internal/pkg47/file_00047.go lines=47-87
00:00:00.336 done  ✓ read_file ok · 1876 bytes · 125ms
00:00:00.343 tool  ▶ grep path=internal/pkg49/file_00049.go lines=49-89
00:00:00.350 text  assistant: turn 5 — looking at the failing test in internal/svc00 before editing
────────────────────────────────────────────────────────────────────────────────────────────────────────────────────────
› steer the agent… (/model /effort /fast)
›
›
 uagent-spike │ model sonnet │ effort high │ events 50/50 │ tok in 6225 out 1148 │ DONE @@